[16:59:48Z] SERVE E2B.UD-Q4_K_XL  (unsloth/gemma-4-E2B-it-GGUF:UD-Q4_K_XL)
[17:00:26Z]   loaded=gemma-4-E2B-it-UD-Q4_K_XL.gguf speculative=True
[17:00:26Z] START E2B.UD-Q4_K_XL
[17:24:37Z] OK   E2B.UD-Q4_K_XL rows=1001 wall=24m11s strictF1=0.6114
[17:24:37Z] SERVE E2B.UD-Q6_K_XL  (unsloth/gemma-4-E2B-it-GGUF:UD-Q6_K_XL)
[17:25:14Z]   loaded=gemma-4-E2B-it-UD-Q6_K_XL.gguf speculative=True
[17:25:14Z] START E2B.UD-Q6_K_XL
[17:51:40Z] OK   E2B.UD-Q6_K_XL rows=1001 wall=26m25s strictF1=0.6179
[17:51:40Z] SERVE E4B.UD-Q4_K_XL  (unsloth/gemma-4-E4B-it-GGUF:UD-Q4_K_XL)
[17:52:17Z]   loaded=gemma-4-E4B-it-UD-Q4_K_XL.gguf speculative=True
[17:52:17Z] START E4B.UD-Q4_K_XL
[18:16:40Z] OK   E4B.UD-Q4_K_XL rows=1001 wall=24m22s strictF1=0.6189
[18:16:40Z] SERVE E4B.UD-Q6_K_XL  (unsloth/gemma-4-E4B-it-GGUF:UD-Q6_K_XL)
[18:35:11Z]   loaded=gemma-4-E4B-it-UD-Q6_K_XL.gguf speculative=True
[18:35:11Z] START E4B.UD-Q6_K_XL
[18:58:16Z] OK   E4B.UD-Q6_K_XL rows=1001 wall=23m5s strictF1=0.6339
[18:58:16Z] SERVE E2B.UD-Q8_K_XL  (unsloth/gemma-4-E2B-it-GGUF:UD-Q8_K_XL)
[19:14:01Z]   loaded=gemma-4-E2B-it-UD-Q8_K_XL.gguf speculative=True
[19:14:01Z] START E2B.UD-Q8_K_XL
[19:42:22Z] OK   E2B.UD-Q8_K_XL rows=1001 wall=28m21s strictF1=0.6226
[19:42:22Z] SERVE E4B.UD-Q8_K_XL  (unsloth/gemma-4-E4B-it-GGUF:UD-Q8_K_XL)
[19:52:50Z]   loaded=gemma-4-E4B-it-UD-Q8_K_XL.gguf speculative=True
[19:52:50Z] START E4B.UD-Q8_K_XL
[20:21:08Z] OK   E4B.UD-Q8_K_XL rows=1001 wall=28m17s strictF1=0.6094
[20:21:08Z] === LADDER COMPLETE ===
