[21:32:04Z] === waiting for the 2.6B sweep to release the 5080
[01:41:06Z] === 5080 free; starting the rest of the LFM2.5 range, 1001 notes each
[01:41:06Z] --- LFM2.5-230M.Q4_K_M  LiquidAI/LFM2.5-230M-GGUF:Q4_K_M  nproc=3  no MTP
[01:43:10Z]   thinking guard fired; re-scoring with --allow-thinking-off
[01:43:10Z] OK   LFM2.5-230M.Q4_K_M strictF1=0.0022 wall=2m
[01:43:10Z] --- LFM2.5-230M.Q6_K  LiquidAI/LFM2.5-230M-GGUF:Q6_K  nproc=3  no MTP
[01:45:20Z]   thinking guard fired; re-scoring with --allow-thinking-off
[01:45:21Z] OK   LFM2.5-230M.Q6_K strictF1=0.1363 wall=2m
[01:45:21Z] --- LFM2.5-230M.Q8_0  LiquidAI/LFM2.5-230M-GGUF:Q8_0  nproc=3  no MTP
[01:47:34Z]   thinking guard fired; re-scoring with --allow-thinking-off
[01:47:34Z] OK   LFM2.5-230M.Q8_0 strictF1=0.1309 wall=2m
[01:47:34Z] --- LFM2.5-1.2B-Instruct.Q4_K_M  LiquidAI/LFM2.5-1.2B-Instruct-GGUF:Q4_K_M  nproc=3  no MTP
[01:53:06Z]   thinking guard fired; re-scoring with --allow-thinking-off
[01:53:06Z] OK   LFM2.5-1.2B-Instruct.Q4_K_M strictF1=0.1911 wall=5m
[01:53:06Z] --- LFM2.5-1.2B-Instruct.Q6_K  LiquidAI/LFM2.5-1.2B-Instruct-GGUF:Q6_K  nproc=3  no MTP
[01:57:46Z]   thinking guard fired; re-scoring with --allow-thinking-off
[01:57:47Z] OK   LFM2.5-1.2B-Instruct.Q6_K strictF1=0.1771 wall=4m
[01:57:47Z] --- LFM2.5-1.2B-Instruct.Q8_0  LiquidAI/LFM2.5-1.2B-Instruct-GGUF:Q8_0  nproc=3  no MTP
[02:03:55Z]   thinking guard fired; re-scoring with --allow-thinking-off
[02:03:55Z] OK   LFM2.5-1.2B-Instruct.Q8_0 strictF1=0.1671 wall=6m
[02:03:55Z] --- LFM2.5-VL-1.6B.Q4_K_M  LiquidAI/LFM2.5-VL-1.6B-GGUF:Q4_K_M  nproc=3  no MTP
[02:06:38Z]   thinking guard fired; re-scoring with --allow-thinking-off
[02:06:38Z] OK   LFM2.5-VL-1.6B.Q4_K_M strictF1=0.2619 wall=2m
[02:06:38Z] --- LFM2.5-VL-1.6B.Q6_K  LiquidAI/LFM2.5-VL-1.6B-GGUF:Q6_K  nproc=3  no MTP
[02:10:04Z]   thinking guard fired; re-scoring with --allow-thinking-off
[02:10:04Z] OK   LFM2.5-VL-1.6B.Q6_K strictF1=0.2744 wall=3m
[02:10:04Z] --- LFM2.5-VL-1.6B.Q8_0  LiquidAI/LFM2.5-VL-1.6B-GGUF:Q8_0  nproc=3  no MTP
[02:13:23Z]   thinking guard fired; re-scoring with --allow-thinking-off
[02:13:23Z] OK   LFM2.5-VL-1.6B.Q8_0 strictF1=0.2725 wall=3m
[02:13:23Z] === LFM2.5 FAMILY SWEEP COMPLETE ===
[02:13:23Z] SUMMARY LFM2.5 family at 1001 notes (strict F1):
[02:13:23Z] LFM2.5-1.2B-Instruct.Q4_K_M    f1=0.1911 p=0.2194 r=0.1693
[02:13:23Z] LFM2.5-1.2B-Instruct.Q6_K      f1=0.1771 p=0.2320 r=0.1432
[02:13:23Z] LFM2.5-1.2B-Instruct.Q8_0      f1=0.1671 p=0.2078 r=0.1398
[02:13:23Z] LFM2.5-230M.Q4_K_M             f1=0.0022 p=0.0455 r=0.0011
[02:13:23Z] LFM2.5-230M.Q6_K               f1=0.1363 p=0.1330 r=0.1398
[02:13:23Z] LFM2.5-230M.Q8_0               f1=0.1309 p=0.1289 r=0.1330
[02:13:23Z] LFM2.5-VL-1.6B.Q4_K_M          f1=0.2619 p=0.2455 r=0.2807
[02:13:23Z] LFM2.5-VL-1.6B.Q6_K            f1=0.2744 p=0.2569 r=0.2943
[02:13:23Z] LFM2.5-VL-1.6B.Q8_0            f1=0.2725 p=0.2537 r=0.2943
