[07:26:37Z] === waiting for the E4B cache-ram re-run to release the XTX
[09:34:38Z] === XTX free; starting the no-MTP ladder, 6 arms, 10000 notes each
[09:34:38Z] --- E2B.UD-Q4_K_XL.10k  unsloth/gemma-4-E2B-it-GGUF:UD-Q4_K_XL  nproc=3  NO MTP
[10:32:32Z] === XTX: E4B no-MTP ladder, 3 arms, 10000 notes each
[10:32:32Z] --- E4B.UD-Q4_K_XL.10k  unsloth/gemma-4-E4B-it-GGUF:UD-Q4_K_XL  nproc=3  NO MTP
[10:36:53Z] === XTX: no-MTP ladder, 6 arms (E2B x3 then E4B x3), 10000 notes each
[10:36:53Z] --- E2B.UD-Q4_K_XL.10k  unsloth/gemma-4-E2B-it-GGUF:UD-Q4_K_XL  nproc=3  NO MTP
[13:04:46Z] === XTX: no-MTP ladder, 6 arms (E2B x3 then E4B x3), 10000 notes each
[13:04:46Z] --- E2B.UD-Q4_K_XL.10k  unsloth/gemma-4-E2B-it-GGUF:UD-Q4_K_XL  nproc=3  NO MTP
[17:41:11Z] OK   E2B.UD-Q4_K_XL.10k noMTP=0.6207  MTP=0.6246  wall=276m
[17:41:11Z] --- E2B.UD-Q6_K_XL.10k  unsloth/gemma-4-E2B-it-GGUF:UD-Q6_K_XL  nproc=3  NO MTP
[22:58:27Z] OK   E2B.UD-Q6_K_XL.10k noMTP=0.6331  MTP=0.6344  wall=317m
[22:58:27Z] --- E2B.UD-Q8_K_XL.10k  unsloth/gemma-4-E2B-it-GGUF:UD-Q8_K_XL  nproc=3  NO MTP
[05:09:37Z] OK   E2B.UD-Q8_K_XL.10k noMTP=0.6351  MTP=0.6329  wall=371m
[05:09:37Z] --- E4B.UD-Q4_K_XL.10k  unsloth/gemma-4-E4B-it-GGUF:UD-Q4_K_XL  nproc=3  NO MTP
[10:42:13Z] OK   E4B.UD-Q4_K_XL.10k noMTP=0.6306  MTP=0.6301  wall=332m
[10:42:13Z] --- E4B.UD-Q6_K_XL.10k  unsloth/gemma-4-E4B-it-GGUF:UD-Q6_K_XL  nproc=3  NO MTP
[16:38:13Z] OK   E4B.UD-Q6_K_XL.10k noMTP=0.6435  MTP=0.6452  wall=355m
[16:38:13Z] --- E4B.UD-Q8_K_XL.10k  unsloth/gemma-4-E4B-it-GGUF:UD-Q8_K_XL  nproc=3  NO MTP
[00:37:58Z] OK   E4B.UD-Q8_K_XL.10k noMTP=0.6327  MTP=0.6337  wall=479m
[00:37:58Z] === NO-MTP LADDER COMPLETE ===
