[21:03:30Z] sizing: starting one server to measure resident VRAM
[21:43:51Z] FAIL: first server never healthy
[05:25:35Z] sizing: starting one server to measure resident VRAM
[05:26:06Z]   one instance uses 2082 MiB of 16303 MiB
[05:26:06Z]   -> running 4 processes
[05:27:40Z]   all 4 servers up; VRAM now 8314 MiB
[05:27:40Z] START E2B.UD-Q4_K_XL.10k across 4 shards
[06:15:29Z] sizing: starting one server to measure resident VRAM
[06:16:00Z]   one instance uses 2082 MiB of 16303 MiB
[06:16:00Z]   -> running 4 processes
[06:17:33Z]   all 4 servers up; VRAM now 8314 MiB
[06:17:33Z] START E2B.UD-Q4_K_XL.10k across 4 shards
[06:17:33Z] FAIL E2B.UD-Q4_K_XL.10k: contaminated merge, discarding
[06:19:56Z] sizing: starting one server to measure resident VRAM
[06:20:28Z]   one instance uses 2082 MiB of 16303 MiB
[06:20:28Z]   -> running 4 processes
[06:22:02Z]   all 4 servers up; VRAM now 8314 MiB
[06:22:02Z] START E2B.UD-Q4_K_XL.10k across 4 shards
[06:29:24Z] DONE E2B.UD-Q4_K_XL.10k rows=10000/10000 wall=7m22s procs=4
[10:41:19Z] sizing: starting one server to measure resident VRAM
[10:43:36Z]   one instance uses  MiB of 24560 MiB
[10:43:36Z]   -> running 4 processes
[10:44:25Z]   all 4 servers up; VRAM now  MiB
[10:44:25Z] START E2B.UD-Q4_K_XL.10k across 4 shards
[12:46:37Z] FAIL E2B.UD-Q4_K_XL.10k: 1644 errored rows (16%), discarding
[13:10:53Z] sizing: starting one server to measure resident VRAM
[13:11:09Z]   one instance uses  MiB of 24560 MiB
[13:11:09Z]   -> running 4 processes
[13:11:59Z]   all 4 servers up; VRAM now  MiB
[13:11:59Z] START E2B.UD-Q4_K_XL.10k across 4 shards
