[21:03:30Z] sizing: starting one server to measure resident VRAM
[21:43:51Z] FAIL: first server never healthy
[21:43:57Z] sizing: starting one server to measure resident VRAM
[22:24:18Z] FAIL: first server never healthy
[22:24:24Z] sizing: starting one server to measure resident VRAM
[23:04:45Z] FAIL: first server never healthy
[05:25:35Z] sizing: starting one server to measure resident VRAM
[05:26:06Z]   one instance uses 2082 MiB of 16303 MiB
[05:26:06Z]   -> running 4 processes
[05:27:40Z]   all 4 servers up; VRAM now 8314 MiB
[05:27:40Z] START E2B.UD-Q4_K_XL.10k across 4 shards
[06:15:29Z] sizing: starting one server to measure resident VRAM
[06:16:00Z]   one instance uses 2082 MiB of 16303 MiB
[06:16:00Z]   -> running 4 processes
[06:17:33Z]   all 4 servers up; VRAM now 8314 MiB
[06:17:33Z] START E2B.UD-Q4_K_XL.10k across 4 shards
Traceback (most recent call last):
  File "<stdin>", line 5, in <module>
FileNotFoundError: [Errno 2] No such file or directory: '/home/virant/dev/aimee/.aimee/worktrees/b94c9263-317c099512d045a7/main/bench/tier-a/results/10k-sharded/.shards-E2B.UD-Q4_K_XL.10k/out0.jsonl'
Traceback (most recent call last):
  File "<stdin>", line 2, in <module>
FileNotFoundError: [Errno 2] No such file or directory: '/home/virant/dev/aimee/.aimee/worktrees/b94c9263-317c099512d045a7/main/bench/tier-a/results/10k-sharded/E2B.UD-Q4_K_XL.10k.pred.jsonl'
[06:17:33Z] FAIL E2B.UD-Q4_K_XL.10k: contaminated merge, discarding
[06:17:39Z] sizing: starting one server to measure resident VRAM
[06:18:11Z]   one instance uses 2698 MiB of 16303 MiB
[06:18:11Z]   -> running 4 processes
[06:19:56Z] sizing: starting one server to measure resident VRAM
[06:20:28Z]   one instance uses 2082 MiB of 16303 MiB
[06:20:28Z]   -> running 4 processes
[06:22:02Z]   all 4 servers up; VRAM now 8314 MiB
[06:22:02Z] START E2B.UD-Q4_K_XL.10k across 4 shards
merged 10000 rows, 0 missing
[06:29:24Z] DONE E2B.UD-Q4_K_XL.10k rows=10000/10000 wall=7m22s procs=4
[06:29:35Z] sizing: starting one server to measure resident VRAM
[06:30:07Z]   one instance uses 2698 MiB of 16303 MiB
[06:30:07Z]   -> running 4 processes
[06:31:40Z]   all 4 servers up; VRAM now 10778 MiB
[06:31:40Z] START E2B.UD-Q6_K_XL.10k across 4 shards
