Traceback (most recent call last):
Traceback (most recent call last):
Traceback (most recent call last):
  File "/home/virant/dev/aimee/.aimee/worktrees/b94c9263-317c099512d045a7/main/bench/tier-a/harness/run_llamacpp.py", line 207, in <module>
    main()
    ~~~~^^
  File "/home/virant/dev/aimee/.aimee/worktrees/b94c9263-317c099512d045a7/main/bench/tier-a/harness/run_llamacpp.py", line 126, in main
    rows = [json.loads(l) for l in open(args.gold) if l.strip()]
                                   ~~~~^^^^^^^^^^^
FileNotFoundError: [Errno 2] No such file or directory: '/home/virant/dev/aimee/.aimee/worktrees/b94c9263-317c099512d045a7/main/bench/tier-a/results/10k-sharded/.shards/shard2.jsonl'
  File "/home/virant/dev/aimee/.aimee/worktrees/b94c9263-317c099512d045a7/main/bench/tier-a/harness/run_llamacpp.py", line 207, in <module>
    main()
    ~~~~^^
  File "/home/virant/dev/aimee/.aimee/worktrees/b94c9263-317c099512d045a7/main/bench/tier-a/harness/run_llamacpp.py", line 207, in <module>
    main()
    ~~~~^^
  File "/home/virant/dev/aimee/.aimee/worktrees/b94c9263-317c099512d045a7/main/bench/tier-a/harness/run_llamacpp.py", line 126, in main
    rows = [json.loads(l) for l in open(args.gold) if l.strip()]
                                   ~~~~^^^^^^^^^^^
  File "/home/virant/dev/aimee/.aimee/worktrees/b94c9263-317c099512d045a7/main/bench/tier-a/harness/run_llamacpp.py", line 126, in main
    rows = [json.loads(l) for l in open(args.gold) if l.strip()]
                                   ~~~~^^^^^^^^^^^
FileNotFoundError: [Errno 2] No such file or directory: '/home/virant/dev/aimee/.aimee/worktrees/b94c9263-317c099512d045a7/main/bench/tier-a/results/10k-sharded/.shards/shard1.jsonl'
FileNotFoundError: [Errno 2] No such file or directory: '/home/virant/dev/aimee/.aimee/worktrees/b94c9263-317c099512d045a7/main/bench/tier-a/results/10k-sharded/.shards/shard0.jsonl'
